// Jest Snapshot v1, https://goo.gl/fbAQLP

exports[`should render Header correctly 1`] = `
<header>
  <h1>
    Expensify
  </h1>
  <p>
    <NavLink
      activeClassName="is-active"
      exact={true}
      to="/"
    >
      Home page
    </NavLink>
  </p>
  <p>
    <NavLink
      activeClassName="is-active"
      to="/create"
    >
      create expense page
    </NavLink>
  </p>
  <p>
    <NavLink
      activeClassName="is-active"
      to="/help"
    >
      help page
    </NavLink>
  </p>
</header>
`;
